// Jest Snapshot v1, https://goo.gl/fbAQLP

exports[`Button Test Snapshot test 1`] = `
<button
  class="primaryButton"
  data-testid="button"
>
  Test
</button>
`;
